\BOOKMARK [0][]{Title.0}{\376\377\000T\000i\000t\000l\000e\000\040\000P\000a\000g\000e}{}% 1
\BOOKMARK [1][]{Agradecimentos.1}{\376\377\000A\000g\000r\000a\000d\000e\000c\000i\000m\000e\000n\000t\000o\000s}{Title.0}% 2
\BOOKMARK [1][]{Resumo.1}{\376\377\000R\000e\000s\000u\000m\000o}{Title.0}% 3
\BOOKMARK [1][]{Abstract.1}{\376\377\000A\000b\000s\000t\000r\000a\000c\000t}{Title.0}% 4
\BOOKMARK [1][]{toc.1}{\376\377\000S\000u\000m\000\341\000r\000i\000o}{Title.0}% 5
\BOOKMARK [1][]{lot.1}{\376\377\000L\000i\000s\000t\000a\000\040\000d\000e\000\040\000T\000a\000b\000e\000l\000a\000s}{Title.0}% 6
\BOOKMARK [1][]{lof.1}{\376\377\000L\000i\000s\000t\000a\000\040\000d\000e\000\040\000F\000i\000g\000u\000r\000a\000s}{Title.0}% 7
\BOOKMARK [1][]{Lista de Siglas.1}{\376\377\000L\000i\000s\000t\000a\000\040\000d\000e\000\040\000S\000i\000g\000l\000a\000s}{Title.0}% 8
\BOOKMARK [1][]{Lista de Símbolos.1}{\376\377\000L\000i\000s\000t\000a\000\040\000d\000e\000\040\000S\000\355\000m\000b\000o\000l\000o\000s}{Title.0}% 9
\BOOKMARK [0][]{chapter.1}{\376\377\0001\000\040\000I\000n\000t\000r\000o\000d\000u\000\347\000\343\000o}{}% 10
\BOOKMARK [1][]{section.1.1}{\376\377\0001\000.\0001\000\040\000D\000e\000f\000i\000n\000i\000\347\000\343\000o\000\040\000d\000o\000\040\000p\000r\000o\000b\000l\000e\000m\000a}{chapter.1}% 11
\BOOKMARK [1][]{section.1.2}{\376\377\0001\000.\0002\000\040\000O\000b\000j\000e\000t\000i\000v\000o}{chapter.1}% 12
\BOOKMARK [0][]{chapter.2}{\376\377\0002\000\040\000R\000e\000v\000i\000s\000\343\000o\000\040\000d\000a\000\040\000L\000i\000t\000e\000r\000a\000t\000u\000r\000a}{}% 13
\BOOKMARK [1][]{section.2.1}{\376\377\0002\000.\0001\000\040\000T\000\355\000t\000u\000l\000o\000\040\000d\000a\000\040\000p\000r\000i\000m\000e\000i\000r\000a\000\040\000s\000e\000\347\000\343\000o}{chapter.2}% 14
\BOOKMARK [1][]{section.2.2}{\376\377\0002\000.\0002\000\040\000T\000\355\000t\000u\000l\000o\000\040\000d\000a\000\040\000s\000e\000g\000u\000n\000d\000a\000\040\000s\000e\000\347\000\343\000o}{chapter.2}% 15
\BOOKMARK [2][]{subsection.2.2.1}{\376\377\0002\000.\0002\000.\0001\000\040\000T\000\355\000t\000u\000l\000o\000\040\000d\000a\000\040\000p\000r\000i\000m\000e\000i\000r\000a\000\040\000s\000u\000b\000s\000e\000\347\000\343\000o}{section.2.2}% 16
\BOOKMARK [2][]{subsection.2.2.2}{\376\377\0002\000.\0002\000.\0002\000\040\000T\000\355\000t\000u\000l\000o\000\040\000d\000a\000\040\000s\000e\000g\000u\000n\000d\000a\000\040\000s\000u\000b\000s\000e\000\347\000\343\000o}{section.2.2}% 17
\BOOKMARK [3][]{subsubsection.2.2.2.1}{\376\377\0002\000.\0002\000.\0002\000.\0001\000\040\000T\000\355\000t\000u\000l\000o\000\040\000d\000a\000\040\000p\000r\000i\000m\000e\000i\000r\000a\000\040\000s\000u\000b\000s\000u\000b\000s\000e\000\347\000\343\000o}{subsection.2.2.2}% 18
\BOOKMARK [3][]{subsubsection.2.2.2.2}{\376\377\0002\000.\0002\000.\0002\000.\0002\000\040\000T\000\355\000t\000u\000l\000o\000\040\000d\000a\000\040\000s\000e\000g\000u\000n\000d\000a\000\040\000s\000u\000b\000s\000u\000b\000s\000e\000\347\000\343\000o}{subsection.2.2.2}% 19
\BOOKMARK [1][]{section.2.3}{\376\377\0002\000.\0003\000\040\000T\000\355\000t\000u\000l\000o\000\040\000d\000a\000\040\000n\000-\000\351\000s\000i\000m\000a\000\040\000s\000e\000\347\000\343\000o}{chapter.2}% 20
\BOOKMARK [0][]{chapter.3}{\376\377\0003\000\040\000M\000a\000t\000e\000r\000i\000a\000l\000\040\000e\000\040\000M\000\351\000t\000o\000d\000o\000s}{}% 21
\BOOKMARK [1][]{section.3.1}{\376\377\0003\000.\0001\000\040\000T\000\355\000t\000u\000l\000o\000\040\000d\000a\000\040\000p\000r\000i\000m\000e\000i\000r\000a\000\040\000s\000e\000\347\000\343\000o}{chapter.3}% 22
\BOOKMARK [1][]{section.3.2}{\376\377\0003\000.\0002\000\040\000T\000\355\000t\000u\000l\000o\000\040\000d\000a\000\040\000s\000e\000g\000u\000n\000d\000a\000\040\000s\000e\000\347\000\343\000o}{chapter.3}% 23
\BOOKMARK [1][]{section.3.3}{\376\377\0003\000.\0003\000\040\000T\000\355\000t\000u\000l\000o\000\040\000d\000a\000\040\000n\000-\000\351\000s\000i\000m\000a\000\040\000s\000e\000\347\000\343\000o}{chapter.3}% 24
\BOOKMARK [0][]{chapter.4}{\376\377\0004\000\040\000R\000e\000s\000u\000l\000t\000a\000d\000o\000s\000\040\000e\000\040\000D\000i\000s\000c\000u\000s\000s\000\343\000o}{}% 25
\BOOKMARK [1][]{section.4.1}{\376\377\0004\000.\0001\000\040\000R\000e\000s\000u\000l\000t\000a\000d\000o\000s}{chapter.4}% 26
\BOOKMARK [1][]{section.4.2}{\376\377\0004\000.\0002\000\040\000D\000i\000s\000c\000u\000s\000s\000\343\000o}{chapter.4}% 27
\BOOKMARK [0][]{chapter.5}{\376\377\0005\000\040\000C\000o\000n\000c\000l\000u\000s\000\365\000e\000s}{}% 28
\BOOKMARK [1][]{section.5.1}{\376\377\0005\000.\0001\000\040\000C\000o\000n\000c\000l\000u\000s\000\365\000e\000s}{chapter.5}% 29
\BOOKMARK [1][]{section.5.2}{\376\377\0005\000.\0002\000\040\000C\000o\000n\000t\000r\000i\000b\000u\000i\000\347\000\365\000e\000s}{chapter.5}% 30
\BOOKMARK [1][]{section.5.3}{\376\377\0005\000.\0003\000\040\000A\000t\000i\000v\000i\000d\000a\000d\000e\000s\000\040\000F\000u\000t\000u\000r\000a\000s\000\040\000d\000e\000\040\000P\000e\000s\000q\000u\000i\000s\000a}{chapter.5}% 31
\BOOKMARK [0][]{section.5.3}{\376\377\000R\000e\000f\000e\000r\000\352\000n\000c\000i\000a\000s}{}% 32
